589qjszYfjlBwUL5THhzK3H6/5p989rz67uDvf66SY00ovWcFYmKeB8bUZ4iJ3dtB9ErnciomtokhqozX8PDFLIldsC7Y37JP1MqQVIWeX75g7m1ke/HyFvB5KRPXcWyHuGVgz5vWX46pWwzJGnrAdriJEvXYYouOw27Hk0t6O0qO7mTyidQL+q9sbPU
RImzU3Wda/gWaniFMS+OmFp5Fz12WgZpbif5Yiwx3HUBntVYAtZXRWgirXmW2prIjc5c+q1VcRR30mvjPJDRBxxhjcegwdiCy9ab59Pl2ysFAKkVzoRlSbe6HOWfk9SLu1YI8SZzbj1ZqTgGzttd5QimSZkRvuf5GiXo//PDoEMyB9ipu7Pe
fm/8wSeKL7KMzT5K+2yWpoKyv/vqWHBJFt2Yh4RQRSQAQN7K/FbMDSBDbl8S8p2DzLmX14xsKEOLjuxChffnUUKUROtcytSA7lY7HXzSmREPf2TgmZ7oAgEVHSyDAv+LgHDNL2jRGR+MwfRaX2bvz88FZ0OR0F0tosTJsQPqCM1jM0jjj6YcqUrzguVN2QzuUnshzRx2/eG9fgvBbnV8F0+jvGvGt0zxl7Py
P7EjHurDEjQLqgK7FfhiAo0+I+tYXgbzYW/XnApbtjArHV4u8w5GBG4geuc4ZIWmypI+mBk9mN4RAUWm9ZmBn8yeiviNop2krYiUMrdnNNL3cnbPP357O31GUgPjP1NJE2yVe0yfgwKDZdIyG5gucGe/iVtFMgtvle/jM1tCs9k=
aHXvq1QBbhClUkWjo61zsywjOaDQXSxEL2grbhvU2Qk5DybTWTaL4WIvNryzue6SO9On6JYkavsQUMXqkvZO5JGpOHKpxZV6HW2Bk9S6usTF9v3I1QwErh/T9B4vloYzN2pbF0UCAl+LS9PFi8glx4RLY+57YcIuM6xuPD/b+SfNpqvDLSsz77O2s9U=
UqqVVJ3uwfx5kOoHSeazNywjOaDQXSxEL2grbhvU2Qk5Hi7dXzmKs2IvNryzue6SO9Kn6JYkavsQUMXqkvZO5JGpOHKpxZV6HW2Bk9S6usTF9v3I1QwErh/T9B4vloYzN2pbF0UCAl+LS9PFi8glx4RLY+57YcIuM6xuPD/b+SfNpqvDLSsz77O2s9U=
7BO20z/LnF6gvRv6oQmqNUla+JPq0QVekbo2aS5gehbmEaheLiFbHgxIy7GdlWtt+c78WkMjMZP5auwoGtZPtaCC1ek8H3P4la4UKlXVyUQ/8nMTFNC5l6SBRfe4wcCyAzYjd7ul89sdIOFFdgSdmf/aBNV3U3wbw/bAAT5zdk0RCcCWZps11RBGgclpPl8p0gXwj9sDSNOKZ5CZo7PG
ZEaOqUC3nV+TTL7+SaNs6XZ8EeSJQSxEJ2o9fE/Z0BdrDyCaDXjes2IvNryzue6SO9Cn6JYkavsQUMXqkvZO5JGpOHKpxZV6HW2Bk9S6usTF9v3I1QwErh/T9B4vloYzN2pbF0UCAl+LS9PFi8glx4RLY+57YcIuM6xuPD/b+SfNpqvDLSsz77O2s9U=
jg1I1XBwdiVHZnu5vixoZSg7ULjcFyxELHUtex3Qw1l1DyXISDPes2IvNryzue6SO9en6JYkavsQUMXqkvZO5JGpOHKpxZV6HW2Bk9S6usTF9v3I1QwErh/T9B4vloYzN2pbF0UCAl+LS9PFi8glx4RLY+57YcIuM6xuPD/b+SfNpqvDLSsz77O2s9U=
HcjKUhIaxED+Ew99nyt/blM5LVAtcdntqbUJHph3ERPXX0/yaoTMFpmZpprjJd2v9ZQjdvImQ7WfiNlqxX9S4F+bktkDWy5BVh5FbhV7XZW1t6u4B4kgZIuVGQKyufHjmtf17sYt6LOg4ZeRdlqAqzO5Jp5nRf9eCeU0HcbjnbOuXzw/1rW1s9A=
dEw+yFd7lwpyNJsmu6EeI2COwf7EWghXTR1xivt3vve7TDEyls0mbfZ6f0M2XI+H157KjsIl9LJlTD5sNooFG6jkVU8dxJnvARVYACJKMWRNfklmbDC7cRT4w0w+nWMYC0H5yMqhT4mTg8eyfYmwmZMYp0vqcFfOThoTwQHJ2ZS71VEhO9G3tLPT
MTF0pKRF4ssAl+rClFhoizlbEW+h2Umn1cYwrqoIWdCGVtPN9LLBAfC+/5AhfuAyaZW13IsihzsYsPU/MHGRz6TB3IrXxrff98X/8+nwVd0KRKGBCwqwvfvzsPPXxpR5ovPqtcU51P4qO7k9pBb10VX+o7FmVYSn1+OEex4XxKG/s9o=
06a28qCcLCwlICgBNKfwb96j+veRHfyISa+LPSsYHoGd8LS98g3vEInV+QM9IL6rUjc2pIOhjsoLD2YwJnwKY6DIRXIibi68IXH4qpmd9WItdYGL5KLanPUuPRBlVGQ2r0t0hp8O5muHspvPdVpiR7tT09270EWftJOjNss5oraDNO6kj0OZf31+axsdc1P3g66zzQ==
HLESC9KkTIiA/yhSeCn/+fSxexo2+Z7d5NrS3CAj0ENkkWSrlTpQwI5W290cUjnRLn5HIHkeiELhFT1sI4Jfy+BwLe8IUbnfrMHUmv/mjw8vBQcDMVD9bYLEKfFjaugNQzNoIy8mfGmq8+KlrVmsrnJ7AY189h0h3X4rAc713Nevo9wrJjfssbez0g==
5CqmGcHM3WQlfv1tbiPhoZcwLqm8vUKJhEQ9EogI5Y81ZyzPHxj6tlsr3J/0myg5tKlpuPH0s55CmgWBoBRAWqszqTQ2rJtcUuqZrf0ObJVihlijqSTFs+puZLVr19dk70r7Kgovy0PK/64AloudJFQYG5ZiI0aI0rEkfKBbNsRJ5xqNpVTaG2Xnr8lvp+zncEV4eLLW52XYYp3ZoF6KaF2OjNo9VeF0p5K7gywQIWfsIX2nUMEo4juWa4cjZctL1UB5dV6E9Wln+sxFjxPkK4sWuNGWc94d6WkIpv5bTUVYZhm5gb53GUrluB/jQ9CjQseoScuzrg==
ffkYB9VF1+KzmNrdM8XrtO35EqfIhf/njUmOhbOAhQ0T3dK13Ok+fD3tyxJndk+rAfVhO9qztigbVT5WY6eG3Z4oWt9oDAU+elreYAkV2IZhieUeJXGBh/zW6oAdCl18XYC0CucPtEpHupY3L1Y7Yw3O8rsz11NRIyT1A9w3Q9pzbfIKS/Cu6Nd3aaNVGks35WdDi4uqs8E=
41HZkyE12MGaJ65L/CTdtmBmCfWJSCxEL2grbhvU2Qk5DybTWTaLwWIvNryzue6SO9ql6ZYkavsQUMXqkvZO5JGpOHKpxZV6HW2Bk9S6usTF9v3I1QwErh/T9B4vloYzN2pbF0UCAl+LS9PFi8glx4RLY+57YcIuM6xuPD/b+SfNpqvDLSsz77O2s9U=
siWtVxXoZYsRR5PFgt/ALWzZjKCWMEZVQRpwlt53qf3vD3Rm06kmbfZ6f0M2XI+A0ZDKjsIl9LJlTD5sNooFG6jkVU8dxJnvARVYACJKMWRNfklmbDC7cRT4w0w+nWMYC0H5yMqhT4mTg8eyfYmwmZMYp0vqcFfOThoTwQHJ2ZS71VEhO9G3tLPT
FZTnETifSzVr80D1AeMyQK9z/8nLIY32RinOmXaOl6fmmEe38aTCitJBnMYlOFYIpg6NrwhQnYvNIHEbAeGw5PKO+dDtysHi/FTTBVSMqygumWssK3UxDBpFp30Tdy9WrU14rbMsr0/6FD+6Dm57pZFNUSAbYZnl6zVfQLMn
ozYwSJAClJRxHBSc5EKCveQVMSDMbxOixix4li0xCko//Q9JD2zfhh7Ol3VLIHXaecfmQAvDzolvM1pBInYpPkkjCTUBDxcIqyH0pF999fJOQQUDTg8pPmqFXDMUSTvBKgLUy0fBWu4LLaseXU2YrXpbKRN6h+DvOl1BsyQ=
OqMgJaWMXUTJOq8NKVlwu61z/9jJN4n2RinOmXaOl6fmmEex8aTCitJBnMYlOFYIpg6NrwhQnYvNIHEbAeGw5PKO+dDtysHi/FTTBVSMqygumWssK3UxDBpFp30Tdy9WrU14rbMsr0/6FD+6Dm57pZFNUSAbYZnl6zVfQLMn
knh9q3It9uVw0m8ZDvZ5XuQVNzbQchOixix4li0xCko//QlJD2zfhh7Ol3VLIHXaecfmQAvDzolvM1pBInYpPkkjCTUBDxcIqyH0pF999fJOQQUDTg8pPmqFXDMUSTvBKgLUy0fBWu4LLaseXU2YrXpbKRN6h+DvOl1BsyQ=
+0GaX+0BUhXSWkzgiMs7ieQVNiDCdxOixix4li0xCko//QpJD2zfhh7Ol3VLIHXaecfmQAvDzolvM1pBInYpPkkjCTUBDxcIqyH0pF999fJOQQUDTg8pPmqFXDMUSTvBKgLUy0fBWu4LLaseXU2YrXpbKRN6h+DvOl1BsyQ=
mJuJ0FvTDW6qSEopXv+3qBOhgKTp/Zl8uJmgsthVbCHxiqyBl5JJkp9rhvcewk4htMGe8Xbmxx9GALdeNo3ykrI5zG6lkIbwRha9h0g47RNtmKHzAQlgXFIWibit4vH6HKwDrdQk+1BOgVsE653BlLr99xUTH3/uDdWIRXMEn1eabG8SjsarXXFVYQhbCel9S42PqLPP
gkIadB+Pqb58D0X8iy81EzNiZxOHLmHVIXDxypWc8QETGScu/vfDCWIa+EO1ShjzlQTtKTlITvo1ZcuIouE9k5qRi9LbYvebqDBl3+Cxoe+0wcyq5wZnP2dFT1OZsAX9OkRRYdvKAN2LcyBTBwZkmbLz+tW1eYReurtJ3RRWpbEl/ZORtpV0B2djFBtOV/SBr7PK
UAJ5e9/V4LC/KFFC1hRl9TNiZxOHLmHVIXDxypWc8QETGScu/vfDCWIa+EO1ShjzlQTtKTlITvo1ZcuIouE9k5qRi9LbYvebqDBl3+Cxoe+0wcyq5wZnP2dFT1OZsAX9OkRRYdvKAN2LcyBTBwZkmbLz+tW1eYReurtJ3RRWpbEl+JKRtZF0BmdjFBtOV/SBr7PK
WCdStYxaiESJ8YmWRI2UTTNiZxOHLmHVIXDxypWc8QETGScu/vfDCWIa+EO1ShjzlQTtKTlITvo1ZcuIouE9k5qRi9LbYvebqDBl3+Cxoe+0wcyq5wZnP2dFT1OZsAX9OkRRYdvKAN2LcyBTBwZkmbLz+tW1eYReurtJ3RRWpbEl/JeRsJN0BmdjFBtOV/SBr7PK
eoK6sF6DOcerrNO1EfGDJDNiZxOHLmHVIXDxypWc8QETGScu/vfDCWIa+EO1ShjzlQTtKTlITvo1ZcuIouE9k5qRi9LbYvebqDBl3+Cxoe+0wcyq5wZnP2dFT1OZsAX9OkRRYdvKAN2LcyBTBwZkmbLz+tW1eYReurtJ3RRWpbEl+ZaRuZR0BmdjFBtOV/SBr7PK
NXFAorrJHlUHKG9Cb9SJtDNiZxOHLmHVIXDxypWc8QETGScu/vfDCWIa+EO1ShjzlQTtKTlITvo1ZcuIouE9k5qRi9LbYvebqDBl3+Cxoe+0wcyq5wZnP2dFT1OZsAX9OkRRYdvKAN2LcyBTBwZkmbLz+tW1eYReurtJ3RRWpbEl/ZORtZB0AWdjFBtOV/SBr7PK
t9+jFQKLWOvfobwPaqIrkTNiZxOHLmHVIXDxypWc8QETGScu/vfDCWIa+EO1ShjzlQTtKTlITvo1ZcuIouE9k5qRi9LbYvebqDBl3+Cxoe+0wcyq5wZnP2dFT1OZsAX9OkRRYdvKAN2LcyBTBwZkmbLz+tW1eYReurtJ3RRWpbEl/ZKRsJJ0AWdjFBtOV/SBr7PK
JJqXy1sbZs5yu5oC3BDbizNiZxOHLmHVIXDxypWc8QETGScu/vfDCWIa+EO1ShjzlQTtKTlITvo1ZcuIouE9k5qRi9LbYvebqDBl3+Cxoe+0wcyq5wZnP2dFT1OZsAX9OkRRYdvKAN2LcyBTBwZkmbLz+tW1eYReurtJ3RRWpbEl8pORuZN0AGdjFBtOV/SBr7PK
TEWRjW/OO1UR9m8eZ794zTNiZxOHLmHVIXDxypWc8QETGScu/vfDCWIa+EO1ShjzlQTtKTlITvo1ZcuIouE9k5qRi9LbYvebqDBl3+Cxoe+0wcyq5wZnP2dFT1OZsAX9OkRRYdvKAN2LcyBTBwZkmbLz+tW1eYReurtJ3RRWpbEl+pORuJN0AGdjFBtOV/SBr7PK
P0IM4UjhzxQeEt606RdmVTNiZxOHLmHVIXDxypWc8QETGScu/vfDCWIa+EO1ShjzlQTtKTlITvo1ZcuIouE9k5qRi9LbYvebqDBl3+Cxoe+0wcyq5wZnP2dFT1OZsAX9OkRRYdvKAN2LcyBTBwZkmbLz+tW1eYReurtJ3RRWpbEl/JKRspF0A2djFBtOV/SBr7PK
/jPLdIOQFUCgZco0jIVqFjNiZxOHLmHVIXDxypWc8QETGScu/vfDCWIa+EO1ShjzlQTtKTlITvo1ZcuIouE9k5qRi9LbYvebqDBl3+Cxoe+0wcyq5wZnP2dFT1OZsAX9OkRRYdvKAN2LcyBTBwZkmbLz+tW1eYReurtJ3RRWpbEl85eRsZN0AmdjFBtOV/SBr7PK
GE+7feOlC5d7/Bm0Jt5dDDNiZxOHLmHVIXDxypWc8QETGScu/vfDCWIa+EO1ShjzlQTtKTlITvo1ZcuIouE9k5qRi9LbYvebqDBl3+Cxoe+0wcyq5wZnP2dFT1OZsAX9OkRRYdvKAN2LcyBTBwZkmbLz+tW1eYReurtJ3RRWpbEl+JaRtJN0AmdjFBtOV/SBr7PK
/d1O6ABdiOrX+ggtQdiutTNiZxOHLmHVIXDxypWc8QETGScu/vfDCWIa+EO1ShjzlQTtKTlITvo1ZcuIouE9k5qRi9LbYvebqDBl3+Cxoe+0wcyq5wZnP2dFT1OZsAX9OkRRYdvKAN2LcyBTBwZkmbLz+tW1eYReurtJ3RRWpbEl+5WRtpN0AmdjFBtOV/SBr7PK
5toFf1OyBJFxgFNju2K2WDNiZxOHLmHVIXDxypWc8QETGScu/vfDCWIa+EO1ShjzlQTtKTlITvo1ZcuIouE9k5qRi9LbYvebqDBl3+Cxoe+0wcyq5wZnP2dFT1OZsAX9OkRRYdvKAN2LcyBTBwZkmbLz+tW1eYReurtJ3RRWpbEl/paRuZN0AmdjFBtOV/SBr7PK
IDLUP+gUvI1KoRX5tvszcjNiZxOHLmHVIXDxypWc8QETGScu/vfDCWIa+EO1ShjzlQTtKTlITvo1ZcuIouE9k5qRi9LbYvebqDBl3+Cxoe+0wcyq5wZnP2dFT1OZsAX9OkRRYdvKAN2LcyBTBwZkmbLz+tW1eYReurtJ3RRWpbEl85eRuJN0AmdjFBtOV/SBr7PK
NlGt5cx/BUbt+ybChxmUUzNiZxOHLmHVIXDxypWc8QETGScu/vfDCWIa+EO1ShjzlQTtKTlITvo1ZcuIouE9k5qRi9LbYvebqDBl3+Cxoe+0wcyq5wZnP2dFT1OZsAX9OkRRYdvKAN2LcyBTBwZkmbLz+tW1eYReurtJ3RRWpbEl+JeRsZR0AmdjFBtOV/SBr7PK
tM/tnbZMSdO/1I7xVDmBtzNiZxOHLmHVIXDxypWc8QETGScu/vfDCWIa+EO1ShjzlQTtKTlITvo1ZcuIouE9k5qRi9LbYvebqDBl3+Cxoe+0wcyq5wZnP2dFT1OZsAX9OkRRYdvKAN2LcyBTBwZkmbLz+tW1eYReurtJ3RRWpbEl85eRsZV0AmdjFBtOV/SBr7PK
tb8p2afTaW6sw3lsf6wFtDNiZxOHLmHVIXDxypWc8QETGScu/vfDCWIa+EO1ShjzlQTtKTlITvo1ZcuIouE9k5qRi9LbYvebqDBl3+Cxoe+0wcyq5wZnP2dFT1OZsAX9OkRRYdvKAN2LcyBTBwZkmbLz+tW1eYReurtJ3RRWpbEl/5aRuJN0DWdjFBtOV/SBr7PK
bUcxAry5A5R5Cvzr6wKWDjNiZxOHLmHVIXDxypWc8QETGScu/vfDCWIa+EO1ShjzlQTtKTlITvo1ZcuIouE9k5qRi9LbYvebqDBl3+Cxoe+0wcyq5wZnP2dFT1OZsAX9OkRRYdvKAN2LcyBTBwZkmbLz+tW1eYReurtJ3RRWpbEl/pSRuJN0DWdjFBtOV/SBr7PK
j2CnrHmxgdhmikkSxTlLzDNiZxOHLmHVIXDxypWc8QETGScu/vfDCWIa+EO1ShjzlQTtKTlITvo1ZcuIouE9k5qRi9LbYvebqDBl3+Cxoe+0wcyq5wZnP2dFT1OZsAX9OkRRYdvKAN2LcyBTBwZkmbLz+tW1eYReurtJ3RRWpbEl+JaRsJV0DWdjFBtOV/SBr7PK
KplqAK+K9OxVRl+fOlDh9zNiZxOHLmHVIXDxypWc8QETGScu/vfDCWIa+EO1ShjzlQTtKTlITvo1ZcuIouE9k5qRi9LbYvebqDBl3+Cxoe+0wcyq5wZnP2dFT1OZsAX9OkRRYdvKAN2LcyBTBwZkmbLz+tW1eYReurtJ3RRWpbEl+ZKRuJV0DWdjFBtOV/SBr7PK
g3GXcMjJSQWIL8UjIzBONTNiZxOHLmHVIXDxypWc8QETGScu/vfDCWIa+EO1ShjzlQTtKTlITvo1ZcuIouE9k5qRi9LbYvebqDBl3+Cxoe+0wcyq5wZnP2dFT1OZsAX9OkRRYdvKAN2LcyBTBwZkmbLz+tW1eYReurtJ3RRWpbEl/ZWRtpF0DGdjFBtOV/SBr7PK
abX7+HYeUT8nY+3wDeaYbzNiZxOHLmHVIXDxypWc8QETGScu/vfDCWIa+EO1ShjzlQTtKTlITvo1ZcuIouE9k5qRi9LbYvebqDBl3+Cxoe+0wcyq5wZnP2dFT1OZsAX9OkRRYdvKAN2LcyBTBwZkmbLz+tW1eYReurtJ3RRWpbEl/JeRuJF0DGdjFBtOV/SBr7PK
DDOgsy39u8xjiykUTDVkyb9O0TBsn0ZKcAtAnn8NWi/h3kLUnHpOUDLSetGrM55nIz7H8oWWsNeIuuGGzVR2DVdN/Sr+oGRn/YoNGV4sWhEkdRXzMUkSV3l6naZABoIIwifH4krlpknSv2FeOgBG8MDHCDwB5kA=
